
[1m[46m RUN [49m[22m [36mv4.0.14 [39m[90mC:/Users/Bruno Bogochvol/Documents/GitHub/Nubo/nubo-hub-app[39m

[90mstdout[2m | tests/integration/components/OpportunityCatalog.test.tsx
[22m[39m[dotenv@17.2.3] injecting env (3) from tests\.env.test -- tip: ΓÜÖ∩╕Å  enable debug logging with { debug: true }
[dotenv@17.2.3] injecting env (2) from .env.local -- tip: ≡ƒæÑ sync secrets across teammates & machines: https://dotenvx.com/ops

[90mstdout[2m | tests/integration/services/opportunities_hierarchy.test.ts
[22m[39m[dotenv@17.2.3] injecting env (3) from tests\.env.test -- tip: ≡ƒöä add secrets lifecycle management: https://dotenvx.com/ops
[dotenv@17.2.3] injecting env (2) from .env.local -- tip: ≡ƒöÉ prevent committing .env to code: https://dotenvx.com/precommit

[90mstdout[2m | tests/unit/components/FilterPills.test.tsx
[22m[39m[dotenv@17.2.3] injecting env (3) from tests\.env.test -- tip: ΓÜÖ∩╕Å  enable debug logging with { debug: true }
[dotenv@17.2.3] injecting env (2) from .env.local -- tip: ΓÜÖ∩╕Å  write to custom object with { processEnv: myObject }

[90mstdout[2m | tests/unit/components/PartnerCard.test.tsx
[22m[39m[dotenv@17.2.3] injecting env (3) from tests\.env.test -- tip: ≡ƒöä add secrets lifecycle management: https://dotenvx.com/ops
[dotenv@17.2.3] injecting env (2) from .env.local -- tip: ≡ƒöä add secrets lifecycle management: https://dotenvx.com/ops

[90mstdout[2m | tests/unit/components/OpportunityCard.test.tsx
[22m[39m[dotenv@17.2.3] injecting env (3) from tests\.env.test -- tip: ≡ƒæÑ sync secrets across teammates & machines: https://dotenvx.com/ops
[dotenv@17.2.3] injecting env (2) from .env.local -- tip: ≡ƒ¢á∩╕Å  run anywhere with `dotenvx run -- yourcommand`

[90mstdout[2m | tests/unit/components/AuthModal.test.tsx
[22m[39m[dotenv@17.2.3] injecting env (3) from tests\.env.test -- tip: ≡ƒæÑ sync secrets across teammates & machines: https://dotenvx.com/ops
[dotenv@17.2.3] injecting env (2) from .env.local -- tip: ≡ƒöÉ encrypt with Dotenvx: https://dotenvx.com

[90mstdout[2m | tests/integration/services/opportunities_hierarchy.test.ts[2m > [22m[2mOpportunities Service (Hierarchy)
[22m[39m[dotenv@17.2.3] injecting env (0) from .env.local -- tip: ΓÜÖ∩╕Å  specify custom .env file path with { path: '/custom/path/.env' }

 [32mΓ£ô[39m tests/integration/services/opportunities_hierarchy.test.ts [2m([22m[2m1 test[22m[2m)[22m[32m 233[2mms[22m[39m
[90mstdout[2m | tests/unit/components/CityAutocomplete.test.tsx
[22m[39m[dotenv@17.2.3] injecting env (3) from tests\.env.test -- tip: ΓÜÖ∩╕Å  write to custom object with { processEnv: myObject }
[dotenv@17.2.3] injecting env (2) from .env.local -- tip: ΓÜÖ∩╕Å  enable debug logging with { debug: true }

 [31mΓ¥»[39m tests/unit/components/FilterPills.test.tsx [2m([22m[2m3 tests[22m[2m | [22m[31m2 failed[39m[2m)[22m[32m 279[2mms[22m[39m
[31m     [31m├ù[31m renders all filter options[39m[32m 124[2mms[22m[39m
[31m     [31m├ù[31m highlights the selected filter[39m[32m 117[2mms[22m[39m
     [32mΓ£ô[39m calls onSelectFilter when different filter is clicked[32m 30[2mms[22m[39m
 [31mΓ¥»[39m tests/unit/components/PartnerCard.test.tsx [2m([22m[2m2 tests[22m[2m | [22m[31m2 failed[39m[2m)[22m[32m 74[2mms[22m[39m
[31m     [31m├ù[31m renders partner information correctly[39m[32m 63[2mms[22m[39m
[31m     [31m├ù[31m uses fallback values when no partner provided[39m[32m 6[2mms[22m[39m
 [31mΓ¥»[39m tests/integration/components/OpportunityCatalog.test.tsx [2m([22m[2m4 tests[22m[2m | [22m[31m4 failed[39m[2m)[22m[32m 118[2mms[22m[39m
[31m     [31m├ù[31m renders "Parceiros" view by default[39m[32m 84[2mms[22m[39m
[31m     [31m├ù[31m switches to "P├║blicas" and shows fetched data[39m[32m 11[2mms[22m[39m
[31m     [31m├ù[31m handles fetch error[39m[32m 9[2mms[22m[39m
[31m     [31m├ù[31m fetches opportunities with geolocation when "Pr├│ximas a voc├¬" is selected[39m[32m 10[2mms[22m[39m
 [31mΓ¥»[39m tests/unit/components/OpportunityCard.test.tsx [2m([22m[2m5 tests[22m[2m | [22m[31m3 failed[39m[2m)[22m[33m 527[2mms[22m[39m
     [32mΓ£ô[39m renders course details correctly[32m 207[2mms[22m[39m
     [32mΓ£ô[39m renders list of opportunities[32m 90[2mms[22m[39m
[31m     [31m├ù[31m handles opportunities without cutoff score[39m[32m 95[2mms[22m[39m
[31m     [31m├ù[31m renders "Vagas Ociosas" tag when vacancies exist[39m[32m 67[2mms[22m[39m
[31m     [31m├ù[31m formats cutoff score correctly[39m[32m 62[2mms[22m[39m
npx : [90mstderr[2m 
| tests/unit/component
s/AuthModal.test.tsx[
2m > [22m[2mAuthModa
l[2m > 
[22m[2mrenders 
correctly when open
At line:1 char:1
+ npx vitest run 
--config tests/vitest.
config.ts > 
test_output.log 2>&1
+ ~~~~~~~~~~~~~~~~~~~~
~~~~~~~~~~~~~~~~~~~~~~
~~~~~~~~~~~~~~~~~~~~~~
~~~~~
    + CategoryInfo    
          : NotSpeci  
  fied: ([90mstder   
 r[2m...ectly whe    
n open:String) []    
, RemoteException
    + FullyQualifiedE 
   rrorId : NativeCo  
  mmandError
 
[22m[39mReceived 
`true` for a 
non-boolean attribute 
`fill`.

If you want to write 
it to the DOM, pass a 
string instead: 
fill="true" or fill={v
alue.toString()}.

 [32mΓ£ô[39m tests/unit/components/CityAutocomplete.test.tsx [2m([22m[2m4 tests[22m[2m)[22m[33m 1216[2mms[22m[39m
     [33m[2mΓ£ô[22m[39m fetches cities when typing [33m 372[2mms[22m[39m
     [33m[2mΓ£ô[22m[39m calls onSelect when a city is clicked [33m 391[2mms[22m[39m
     [33m[2mΓ£ô[22m[39m handles empty results [33m 346[2mms[22m[39m
[90mstderr[2m | test
s/unit/components/Auth
Modal.test.tsx[2m > 
[22m[2mAuthModal[2m 
> [22m[2mcalls 
signInWithDemo when 
valid phone and terms 
accepted (Demo Mode)
[22m[39mTypeError: 
Cannot destructure 
property 'error' of 
'(intermediate 
value)' as it is 
undefined.
    at handleSendCode 
(C:/Users/Bruno Bogoch
vol/Documents/GitHub/N
ubo/nubo-hub-app/compo
nents/AuthModal.tsx:91
:17)
[90m    at processTic
ksAndRejections (node:
internal/process/task_
queues:95:5)[39m

[90mstdout[2m | tests/integration/services/opportunities_sorting.test.ts
[22m[39m[dotenv@17.2.3] injecting env (3) from tests\.env.test -- tip: ≡ƒöÉ prevent committing .env to code: https://dotenvx.com/precommit
[dotenv@17.2.3] injecting env (2) from .env.local -- tip: ≡ƒöÉ encrypt with Dotenvx: https://dotenvx.com

[90mstdout[2m | tests/integration/services/opportunities_sorting.test.ts[2m > [22m[2mOpportunities Service (Sorting)
[22m[39m[dotenv@17.2.3] injecting env (0) from .env.local -- tip: ≡ƒöÉ encrypt with Dotenvx: https://dotenvx.com

 [32mΓ£ô[39m tests/integration/services/opportunities_sorting.test.ts [2m([22m[2m1 test[22m[2m)[22m[32m 13[2mms[22m[39m
 [31mΓ¥»[39m tests/unit/components/AuthModal.test.tsx [2m([22m[2m5 tests[22m[2m | [22m[31m1 failed[39m[2m)[22m[33m 2373[2mms[22m[39m
     [32mΓ£ô[39m does not render when isAuthModalOpen is false[32m 85[2mms[22m[39m
     [33m[2mΓ£ô[22m[39m renders correctly when open [33m 610[2mms[22m[39m
     [32mΓ£ô[39m formats phone number input[32m 50[2mms[22m[39m
     [33m[2mΓ£ô[22m[39m disables button if terms are not accepted [33m 307[2mms[22m[39m
[31m     [31m├ù[31m calls signInWithDemo when valid phone and terms accepted (Demo Mode)[39m[33m 1316[2mms[22m[39m
[90mstdout[2m | tests/unit/mapper.test.ts
[22m[39m[dotenv@17.2.3] injecting env (3) from tests\.env.test -- tip: ΓÜÖ∩╕Å  override existing env vars with { override: true }
[dotenv@17.2.3] injecting env (2) from .env.local -- tip: ≡ƒöÉ prevent committing .env to code: https://dotenvx.com/precommit

 [32mΓ£ô[39m tests/unit/mapper.test.ts [2m([22m[2m2 tests[22m[2m)[22m[32m 13[2mms[22m[39m
[90mstdout[2m | tests/integration/rls/opportunities.test.ts
[22m[39m[dotenv@17.2.3] injecting env (3) from tests\.env.test -- tip: ΓÜÖ∩╕Å  override existing env vars with { override: true }
[dotenv@17.2.3] injecting env (2) from .env.local -- tip: ΓÜÖ∩╕Å  enable debug logging with { debug: true }

 [32mΓ£ô[39m tests/integration/rls/opportunities.test.ts [2m([22m[2m2 tests[22m[2m)[22m[32m 7[2mms[22m[39m
[90mstdout[2m | tests/integration/rls/institutions.test.ts
[22m[39m[dotenv@17.2.3] injecting env (3) from tests\.env.test -- tip: ΓÜÖ∩╕Å  enable debug logging with { debug: true }
[dotenv@17.2.3] injecting env (2) from .env.local -- tip: Γ£à audit secrets and track compliance: https://dotenvx.com/ops

 [32mΓ£ô[39m tests/integration/rls/institutions.test.ts [2m([22m[2m2 tests[22m[2m)[22m[32m 10[2mms[22m[39m
[90mstdout[2m | tests/unit/example.test.ts
[22m[39m[dotenv@17.2.3] injecting env (3) from tests\.env.test -- tip: ≡ƒùé∩╕Å backup and recover secrets: https://dotenvx.com/ops
[dotenv@17.2.3] injecting env (2) from .env.local -- tip: Γ£à audit secrets and track compliance: https://dotenvx.com/ops

 [32mΓ£ô[39m tests/unit/example.test.ts [2m([22m[2m1 test[22m[2m)[22m[32m 5[2mms[22m[39m

[31mΓÄ»ΓÄ»ΓÄ»ΓÄ»ΓÄ»ΓÄ
»[39m[1m[41m 
Failed Tests 12 [49m
[22m[31mΓÄ»ΓÄ»ΓÄ»ΓÄ»Γ
Ä»ΓÄ»ΓÄ»[39m

[41m[1m FAIL 
[22m[49m tests/integ
ration/components/Oppo
rtunityCatalog.test.ts
x[2m > [22mOpportuni
tyCatalog 
Integration[2m > 
[22mrenders 
"Parceiros" view by 
default
[41m[1m FAIL 
[22m[49m tests/integ
ration/components/Oppo
rtunityCatalog.test.ts
x[2m > [22mOpportuni
tyCatalog 
Integration[2m > 
[22mswitches to 
"P├║blicas" and shows 
fetched data
[41m[1m FAIL 
[22m[49m tests/integ
ration/components/Oppo
rtunityCatalog.test.ts
x[2m > [22mOpportuni
tyCatalog 
Integration[2m > 
[22mhandles fetch 
error
[41m[1m FAIL 
[22m[49m tests/integ
ration/components/Oppo
rtunityCatalog.test.ts
x[2m > [22mOpportuni
tyCatalog 
Integration[2m > 
[22mfetches 
opportunities with 
geolocation when 
"Pr├│ximas a voc├¬" 
is selected
[31m[1mError[22m: 
[vitest] No 
"usePathname" export 
is defined on the 
"next/navigation" 
mock. Did you forget 
to return it from 
"vi.mock"?
If you need to 
partially mock a 
module, you can use 
"importOriginal" 
helper inside:
[39m
vi.mock(import("next/n
avigation"), async 
(importOriginal) => {
  const actual = 
await importOriginal()
  return {
    ...actual,
    // your mocked 
methods
  }
})

[36m [2mΓ¥»[22m Opp
ortunityCatalogContent
 components/Opportunit
yCatalog.tsx:[2m15:20
[22m[39m
    [90m 13| [39m  
[35mconst[39m 
router [33m=[39m [3
4museRouter[39m()[33
m;[39m
    [90m 14| [39m  
[35mconst[39m 
searchParams 
[33m=[39m [34museSe
archParams[39m()[33m
;[39m
    [90m 15| [39m  
[35mconst[39m 
pathname [33m=[39m 
[34musePathname[39m()
[33m;[39m
    [90m   | [39m   
                
[31m^[39m
    [90m 16| [39m  
[35mconst[39m 
catalogRef 
[33m=[39m useRef[33
m<[39m[33mHTMLDivEle
ment[39m[33m>[39m(
[35mnull[39m)[33m;[
39m
    [90m 17| [39m  
[35mconst[39m 
isFirstMount 
[33m=[39m [34museRe
f[39m([35mtrue[39m)
[33m;[39m
[90m [2mΓ¥»[22m Obj
ect.react_stack_bottom
_frame node_modules/re
act-dom/cjs/react-dom-
client.development.js:
[2m25904:20[22m[39m
[90m [2mΓ¥»[22m 
renderWithHooks node_m
odules/react-dom/cjs/r
eact-dom-client.develo
pment.js:[2m7662:22[
22m[39m
[90m [2mΓ¥»[22m upd
ateFunctionComponent n
ode_modules/react-dom/
cjs/react-dom-client.d
evelopment.js:[2m1016
6:19[22m[39m
[90m [2mΓ¥»[22m 
beginWork node_modules
/react-dom/cjs/react-d
om-client.development.
js:[2m11778:18[22m[
39m
[90m [2mΓ¥»[22m 
runWithFiberInDEV node
_modules/react-dom/cjs
/react-dom-client.deve
lopment.js:[2m874:13
[22m[39m
[90m [2mΓ¥»[22m 
performUnitOfWork node
_modules/react-dom/cjs
/react-dom-client.deve
lopment.js:[2m17641:2
2[22m[39m
[90m [2mΓ¥»[22m 
workLoopSync node_modu
les/react-dom/cjs/reac
t-dom-client.developme
nt.js:[2m17469:41[22
m[39m

[31m[2mΓÄ»ΓÄ»ΓÄ»ΓÄ»Γ
Ä»ΓÄ»ΓÄ»ΓÄ»ΓÄ»ΓÄ»ΓÄ»ΓÄ
»ΓÄ»ΓÄ»ΓÄ»ΓÄ»ΓÄ»ΓÄ»ΓÄ»
ΓÄ»ΓÄ»ΓÄ»ΓÄ»[1/12]ΓÄ»
[22m[39m

[41m[1m FAIL 
[22m[49m tests/unit/
components/AuthModal.t
est.tsx[2m > 
[22mAuthModal[2m > 
[22mcalls 
signInWithDemo when 
valid phone and terms 
accepted (Demo Mode)
[31m[1mAssertionErro
r[22m[39m: expected 
"vi.fn()" to be 
called with 
arguments: [ 
'+5511999999999' 
][90m

Number of calls: 
[1m0[22m
[39m

Ignored nodes: 
comments, script, 
style
[36m<html>[39m
  [36m<head />[39m
  [36m<body>[39m
    [36m<div>[39m
      [36m<div[39m
        [33mclass[39
m=[32m"fixed inset-0 
z-50 flex 
items-center 
justify-center p-4 
font-sans"[39m
      [36m>[39m
        [36m<div[39m
          [33mclass[
39m=[32m"absolute 
inset-0 bg-black/60 
backdrop-blur-sm 
transition-opacity 
duration-300"[39m
        [36m/>[39m
        [36m<div[39m
          [33mclass[
39m=[32m"relative 
w-full max-w-[342px] 
bg-white 
rounded-[16px] 
shadow-2xl p-6 
transform 
transition-all 
duration-300 
scale-100 animate-in 
fade-in 
zoom-in-95"[39m
        [36m>[39m
          
[36m<button[39m
            [33mclass
[39m=[32m"absolute 
top-4 right-4 
text-neutral-400 hover
:text-neutral-600 tran
sition-colors"[39m
          [36m>[39m
            
[36m<svg[39m
              [33mari
a-hidden[39m=[32m"tr
ue"[39m
              [33mcla
ss[39m=[32m"lucide 
lucide-x"[39m
              [33mfil
l[39m=[32m"none"[39
m
              [33mhei
ght[39m=[32m"20"[39
m
              [33mstr
oke[39m=[32m"current
Color"[39m
              [33mstr
oke-linecap[39m=[32m
"round"[39m
              [33mstr
oke-linejoin[39m=[32
m"round"[39m
              [33mstr
oke-width[39m=[32m"2
"[39m
              [33mvie
wBox[39m=[32m"0 0 
24 24"[39m
              [33mwid
th[39m=[32m"20"[39m
              [33mxml
ns[39m=[32m"http://w
ww.w3.org/2000/svg"[3
9m
            
[36m>[39m
              
[36m<path[39m
                
[33md[39m=[32m"M18 
6 6 18"[39m
              
[36m/>[39m
              
[36m<path[39m
                
[33md[39m=[32m"m6 
6 12 12"[39m
              
[36m/>[39m
            
[36m</svg>[39m
          
[36m</button>[39m
          
[36m<div[39m
            [33mclass
[39m=[32m"flex 
flex-col items-center 
gap-1 mb-6"[39m
          [36m>[39m
            
[36m<h2[39m
              [33mcla
ss[39m=[32m"font-mon
tserrat font-semibold 
text-[16px] 
leading-[24px] 
text-[#38B1E4] 
text-center"[39m
            
[36m>[39m
              
[0mEntre no Nubo[0m
            
[36m</h2>[39m
            
[36m<p[39m
              [33mcla
ss[39m=[32m"font-mon
tserrat font-medium 
text-[14px] 
leading-[17.5px] 
text-[#707A7E] 
text-center 
w-[270px]"[39m
            
[36m>[39m
              
[0mEntre sem senha. 
R├ípido e seguro.[0m
            
[36m</p>[39m
          
[36m</div>[39m
          
[36m<div[39m
            [33mclass
[39m=[32m"flex 
flex-col gap-4"[39m
          [36m>[39m
            
[36m<div>[39m
              
[36m<div[39m
                [33mc
lass[39m=[32m"relati
ve group"[39m
              
[36m>[39m
                
[36m<div[39m
                  
[33mclass[39m=[32m"
                    
w-full bg-white 
border 
border-[#38B1E4] 
rounded-[8px] 
                    
px-3 py-2 flex 
items-center gap-2 
h-[45px]
                    
focus-within:ring-1 fo
cus-within:ring-[#38B1
E4]
                    
transition-all
                  
"[39m
                
[36m>[39m
                  
[36m<div[39m
                    [
33mclass[39m=[32m"fl
ex items-center gap-2 
shrink-0"[39m
                  
[36m>[39m
                    
[36m<div[39m
                      
[33mclass[39m=[32m"
relative w-6 h-6 
overflow-hidden 
rounded-full border bo
rder-neutral-100"[39m
                    
[36m>[39m
                      
[36m<img[39m
                      
  [33malt[39m=[32m"
Brasil"[39m
                      
  [33mclass[39m=[32
m"object-cover"[39m
                      
  [33msrc[39m=[32m"
/assets/brasil.png"[3
9m
                      
[36m/>[39m
                    
[36m</div>[39m
                    
[36m<span[39m
                      
[33mclass[39m=[32m"
font-montserrat 
font-medium 
text-[16px] 
text-[#3A424E]"[39m
                    
[36m>[39m
                      
[0m+55[0m
                    
[36m</span>[39m
                  
[36m</div>[39m
                  
[36m<div[39m
                    [
33mclass[39m=[32m"h-
4 w-[1px] 
bg-neutral-200 
mx-1"[39m
                  
[36m/>[39m
                  
[36m<input[39m
                    [
33mclass[39m=[32m"w-
full bg-transparent 
border-none p-0 
font-montserrat 
font-medium 
text-[16px] 
text-[#AEAEB2] 
placeholder-[#D1D1D6] 
focus:outline-none 
focus:ring-0 
text-[#3A424E]"[39m
                    [
33mplaceholder[39m=[
32m"(DD) 
99999-9999"[39m
                    [
33mtype[39m=[32m"tel
"[39m
                    [
33mvalue[39m=[32m"(1
1) 99999-9999"[39m
                  
[36m/>[39m
                
[36m</div>[39m
              
[36m</div>[39m
            
[36m</div>[39m
            
[36m<div[39m
              [33mcla
ss[39m=[32m"flex 
items-start gap-2 
px-1"[39m
            
[36m>[39m
              
[36m<div[39m
                [33mc
lass[39m=[32m"relati
ve flex items-center 
pt-1"[39m
              
[36m>[39m
                
[36m<input[39m
                  [33
mclass[39m=[32m"peer
 h-5 w-5 
cursor-pointer 
appearance-none 
rounded border 
border-[#38B1E4] 
bg-white 
transition-all 
checked:bg-[#38B1E4] c
hecked:border-[#38B1E4
]"[39m
                  [33
mid[39m=[32m"terms"
[39m
                  [33
mtype[39m=[32m"check
box"[39m
                
[36m/>[39m
                
[36m<div[39m
                  [33
mclass[39m=[32m"poin
ter-events-none 
absolute left-1/2 
top-1/2 
-translate-x-1/2 
-translate-y-1/2 
ml-[0.5px] mt-[2px] 
opacity-0 peer-checked
:opacity-100 transitio
n-opacity"[39m
                
[36m>[39m
                  
[36m<svg[39m
                    [
33maria-hidden[39m=[
32m"true"[39m
                    [
33mclass[39m=[32m"lu
cide lucide-check 
text-white"[39m
                    [
33mfill[39m=[32m"non
e"[39m
                    [
33mheight[39m=[32m"1
4"[39m
                    [
33mstroke[39m=[32m"c
urrentColor"[39m
                    [
33mstroke-linecap[39m
=[32m"round"[39m
                    [
33mstroke-linejoin[39
m=[32m"round"[39m
                    [
33mstroke-width[39m=
[32m"3"[39m
                    [
33mviewBox[39m=[32m"
0 0 24 24"[39m
                    [
33mwidth[39m=[32m"14
"[39m
                    [
33mxmlns[39m=[32m"ht
tp://www.w3.org/2000/s
vg"[39m
                  
[36m>[39m
                    
[36m<path[39m
                      
[33md[39m=[32m"M20 
6 9 17l-5-5"[39m
                    
[36m/>[39m
                  
[36m</svg>[39m
                
[36m</div>[39m
              
[36m</div>[39m
              
[36m<label[39m
                [33mc
lass[39m=[32m"text-[
11px] font-montserrat 
font-medium 
text-[#707A7E] 
leading-tight 
select-none 
cursor-pointer"[39m
                [33mf
or[39m=[32m"terms"[
39m
              
[36m>[39m
                
[0mLi e concordo com 
os [0m
                
[36m<a[39m
                  [33
mclass[39m=[32m"text
-[#38B1E4] 
hover:underline"[39m
                  [33
mhref[39m=[32m"/asse
ts/termos-de-uso.pdf"
[39m
                  [33
mrel[39m=[32m"noopen
er noreferrer"[39m
                  [33
mtarget[39m=[32m"_bl
ank"[3...
[36m [2mΓ¥»[22m tes
ts/unit/components/Aut
hModal.test.tsx:[2m12
5:36[22m[39m
    [90m123| [39m   
 [35mawait[39m 
[34mwaitFor[39m(() 
[33m=>[39m {
    [90m124| [39m   
     // Since 
IS_DEMO_MODE is true 
in component, we 
expect signInWiΓÇª
    [90m125| [39m   
     expect(mockSignIn
WithDemo).toHaveBeenCa
lledWith('+55119999999
9ΓÇª
    [90m   | [39m   
                      
          [31m^[39m
    [90m126| [39m   
 })[33m;[39m
    [90m127| [39m  
})[33m;[39m
[90m [2mΓ¥»[22m run
WithExpensiveErrorDiag
nosticsDisabled node_m
odules/@testing-librar
y/dom/dist/config.js:
[2m47:12[22m[39m
[90m [2mΓ¥»[22m 
checkCallback node_mod
ules/@testing-library/
dom/dist/wait-for.js:
[2m124:77[22m[39m
[90m [2mΓ¥»[22m Tim
eout.checkRealTimersCa
llback node_modules/@t
esting-library/dom/dis
t/wait-for.js:[2m118:
16[22m[39m

[31m[2mΓÄ»ΓÄ»ΓÄ»ΓÄ»Γ
Ä»ΓÄ»ΓÄ»ΓÄ»ΓÄ»ΓÄ»ΓÄ»ΓÄ
»ΓÄ»ΓÄ»ΓÄ»ΓÄ»ΓÄ»ΓÄ»ΓÄ»
ΓÄ»ΓÄ»ΓÄ»ΓÄ»[2/12]ΓÄ»
[22m[39m

[41m[1m FAIL 
[22m[49m tests/unit/
components/FilterPills
.test.tsx[2m > 
[22mFilterPills[2m 
> [22mrenders all 
filter options
[31m[1mTestingLibrar
yElementError[22m: 
Unable to find an 
element with the 
text: Parceiros. This 
could be because the 
text is broken up by 
multiple elements. In 
this case, you can 
provide a function 
for your text matcher 
to make your matcher 
more flexible.

Ignored nodes: 
comments, script, 
style
[36m<body>[31m
  [36m<div>[31m
    [36m<div[31m
      [33mclass[31m=
[32m"w-full flex 
flex-col md:flex-row 
items-stretch 
md:items-center gap-2 
md:gap-2"[31m
    [36m>[31m
      [36m<div[31m
        [33mclass[31
m=[32m"overflow-x-aut
o pb-4 pt-2 
scrollbar-hide flex-1 
min-w-0"[31m
      [36m>[31m
        [36m<div[31m
          [33mclass[
31m=[32m"flex 
items-center gap-3 
min-w-max px-1"[31m
        [36m>[31m
          
[36m<button[31m
            [33mclass
[31m=[32m"px-4 py-2 
rounded-full text-sm 
font-bold 
transition-all 
duration-200 border 
border-[#024F86] 
shadow-sm 
whitespace-nowrap 
text-[#024F86] 
bg-white/10 hover:bg-[
#024F86]/10"[31m
          [36m>[31m
            
[0mSele├º├úo Nubo[0m
          
[36m</button>[31m
          
[36m<button[31m
            [33mclass
[31m=[32m"px-4 py-2 
rounded-full text-sm 
font-bold 
transition-all 
duration-200 border 
border-[#024F86] 
shadow-sm 
whitespace-nowrap 
text-[#024F86] 
bg-white/10 hover:bg-[
#024F86]/10"[31m
          [36m>[31m
            
[0mSISU[0m
          
[36m</button>[31m
          
[36m<button[31m
            [33mclass
[31m=[32m"px-4 py-2 
rounded-full text-sm 
font-bold 
transition-all 
duration-200 border 
border-[#024F86] 
shadow-sm 
whitespace-nowrap 
text-[#024F86] 
bg-white/10 hover:bg-[
#024F86]/10"[31m
          [36m>[31m
            
[0mProuni[0m
          
[36m</button>[31m
          
[36m<button[31m
            [33mclass
[31m=[32m"px-4 py-2 
rounded-full text-sm 
font-bold 
transition-all 
duration-200 border 
border-[#024F86] 
shadow-sm 
whitespace-nowrap 
text-[#024F86] 
bg-white/10 hover:bg-[
#024F86]/10"[31m
          [36m>[31m
            
[0mA├º├╡es 
afirmativas[0m
          
[36m</button>[31m
          
[36m<button[31m
            [33mclass
[31m=[32m"px-4 py-2 
rounded-full text-sm 
font-bold 
transition-all 
duration-200 border 
border-[#024F86] 
shadow-sm 
whitespace-nowrap 
text-[#024F86] 
bg-white/10 hover:bg-[
#024F86]/10"[31m
          [36m>[31m
            
[0mEAD[0m
          
[36m</button>[31m
          
[36m<button[31m
            [33mclass
[31m=[32m"px-4 py-2 
rounded-full text-sm 
font-bold 
transition-all 
duration-200 border 
border-[#024F86] 
shadow-sm 
whitespace-nowrap 
text-[#024F86] 
bg-white/10 hover:bg-[
#024F86]/10"[31m
          [36m>[31m
            
[0mOportunidades de 
parceiros[0m
          
[36m</button>[31m
        
[36m</div>[31m
      [36m</div>[31m
    [36m</div>[31m
  [36m</div>[31m
[36m</body>[31m[39m
[90m [2mΓ¥»[22m Obj
ect.getElementError no
de_modules/@testing-li
brary/dom/dist/config.
js:[2m37:19[22m[39m
[90m [2mΓ¥»[22m nod
e_modules/@testing-lib
rary/dom/dist/query-he
lpers.js:[2m76:38[22
m[39m
[90m [2mΓ¥»[22m nod
e_modules/@testing-lib
rary/dom/dist/query-he
lpers.js:[2m52:17[22
m[39m
[90m [2mΓ¥»[22m nod
e_modules/@testing-lib
rary/dom/dist/query-he
lpers.js:[2m95:19[22
m[39m
[36m [2mΓ¥»[22m tes
ts/unit/components/Fil
terPills.test.tsx:[2m
9:19[22m[39m
    [90m  7| [39m   
 render(<FilterPills s
electedFilter="Parceir
os" 
onSelectFilter={() ΓÇª
    [90m  8| [39m   
 
    [90m  9| [39m   
 [34mexpect[39m(scre
en[33m.[39m[34mgetB
yText[39m([32m'Parce
iros'[39m))[33m.[39
m[34mtoBeInTheDocumen
t[39m()[33m;[39m
    [90m   | [39m   
               
[31m^[39m
    [90m 10| [39m   
 [34mexpect[39m(scre
en[33m.[39m[34mgetB
yText[39m([32m'P├║bl
icas'[39m))[33m.[39
m[34mtoBeInTheDocumen
t[39m()[33m;[39m
    [90m 11| [39m   
 [34mexpect[39m(scre
en[33m.[39m[34mgetB
yText[39m([32m'Vagas
 ociosas'[39m))[33m.
[39m[34mtoBeInTheDoc
ument[39m()[33m;[39
m

[31m[2mΓÄ»ΓÄ»ΓÄ»ΓÄ»Γ
Ä»ΓÄ»ΓÄ»ΓÄ»ΓÄ»ΓÄ»ΓÄ»ΓÄ
»ΓÄ»ΓÄ»ΓÄ»ΓÄ»ΓÄ»ΓÄ»ΓÄ»
ΓÄ»ΓÄ»ΓÄ»ΓÄ»[3/12]ΓÄ»
[22m[39m

[41m[1m FAIL 
[22m[49m tests/unit/
components/FilterPills
.test.tsx[2m > 
[22mFilterPills[2m 
> [22mhighlights the 
selected filter
[31m[1mTestingLibrar
yElementError[22m: 
Unable to find an 
element with the 
text: P├║blicas. This 
could be because the 
text is broken up by 
multiple elements. In 
this case, you can 
provide a function 
for your text matcher 
to make your matcher 
more flexible.

Ignored nodes: 
comments, script, 
style
[36m<body>[31m
  [36m<div>[31m
    [36m<div[31m
      [33mclass[31m=
[32m"w-full flex 
flex-col md:flex-row 
items-stretch 
md:items-center gap-2 
md:gap-2"[31m
    [36m>[31m
      [36m<div[31m
        [33mclass[31
m=[32m"overflow-x-aut
o pb-4 pt-2 
scrollbar-hide flex-1 
min-w-0"[31m
      [36m>[31m
        [36m<div[31m
          [33mclass[
31m=[32m"flex 
items-center gap-3 
min-w-max px-1"[31m
        [36m>[31m
          
[36m<button[31m
            [33mclass
[31m=[32m"px-4 py-2 
rounded-full text-sm 
font-bold 
transition-all 
duration-200 border 
border-[#024F86] 
shadow-sm 
whitespace-nowrap 
text-[#024F86] 
bg-white/10 hover:bg-[
#024F86]/10"[31m
          [36m>[31m
            
[0mSele├º├úo Nubo[0m
          
[36m</button>[31m
          
[36m<button[31m
            [33mclass
[31m=[32m"px-4 py-2 
rounded-full text-sm 
font-bold 
transition-all 
duration-200 border 
border-[#024F86] 
shadow-sm 
whitespace-nowrap 
text-[#024F86] 
bg-white/10 hover:bg-[
#024F86]/10"[31m
          [36m>[31m
            
[0mSISU[0m
          
[36m</button>[31m
          
[36m<button[31m
            [33mclass
[31m=[32m"px-4 py-2 
rounded-full text-sm 
font-bold 
transition-all 
duration-200 border 
border-[#024F86] 
shadow-sm 
whitespace-nowrap 
text-[#024F86] 
bg-white/10 hover:bg-[
#024F86]/10"[31m
          [36m>[31m
            
[0mProuni[0m
          
[36m</button>[31m
          
[36m<button[31m
            [33mclass
[31m=[32m"px-4 py-2 
rounded-full text-sm 
font-bold 
transition-all 
duration-200 border 
border-[#024F86] 
shadow-sm 
whitespace-nowrap 
text-[#024F86] 
bg-white/10 hover:bg-[
#024F86]/10"[31m
          [36m>[31m
            
[0mA├º├╡es 
afirmativas[0m
          
[36m</button>[31m
          
[36m<button[31m
            [33mclass
[31m=[32m"px-4 py-2 
rounded-full text-sm 
font-bold 
transition-all 
duration-200 border 
border-[#024F86] 
shadow-sm 
whitespace-nowrap 
text-[#024F86] 
bg-white/10 hover:bg-[
#024F86]/10"[31m
          [36m>[31m
            
[0mEAD[0m
          
[36m</button>[31m
          
[36m<button[31m
            [33mclass
[31m=[32m"px-4 py-2 
rounded-full text-sm 
font-bold 
transition-all 
duration-200 border 
border-[#024F86] 
shadow-sm 
whitespace-nowrap 
text-[#024F86] 
bg-white/10 hover:bg-[
#024F86]/10"[31m
          [36m>[31m
            
[0mOportunidades de 
parceiros[0m
          
[36m</button>[31m
        
[36m</div>[31m
      [36m</div>[31m
    [36m</div>[31m
  [36m</div>[31m
[36m</body>[31m[39m
[90m [2mΓ¥»[22m Obj
ect.getElementError no
de_modules/@testing-li
brary/dom/dist/config.
js:[2m37:19[22m[39m
[90m [2mΓ¥»[22m nod
e_modules/@testing-lib
rary/dom/dist/query-he
lpers.js:[2m76:38[22
m[39m
[90m [2mΓ¥»[22m nod
e_modules/@testing-lib
rary/dom/dist/query-he
lpers.js:[2m52:17[22
m[39m
[90m [2mΓ¥»[22m nod
e_modules/@testing-lib
rary/dom/dist/query-he
lpers.js:[2m95:19[22
m[39m
[36m [2mΓ¥»[22m tes
ts/unit/components/Fil
terPills.test.tsx:[2m
20:33[22m[39m
    [90m 18| [39m   
 render(<FilterPills s
electedFilter="P├║blic
as" 
onSelectFilter={() 
=ΓÇª
    [90m 19| [39m   
 
    [90m 20| [39m   
 [35mconst[39m 
selectedPill 
[33m=[39m screen[33
m.[39m[34mgetByText
[39m([32m'P├║blicas'
[39m)[33m;[39m
    [90m   | [39m   
                      
       [31m^[39m
    [90m 21| [39m   
 [35mconst[39m 
unselectedPill 
[33m=[39m screen[33
m.[39m[34mgetByText
[39m([32m'Parceiros'
[39m)[33m;[39m
    [90m 22| [39m

[31m[2mΓÄ»ΓÄ»ΓÄ»ΓÄ»Γ
Ä»ΓÄ»ΓÄ»ΓÄ»ΓÄ»ΓÄ»ΓÄ»ΓÄ
»ΓÄ»ΓÄ»ΓÄ»ΓÄ»ΓÄ»ΓÄ»ΓÄ»
ΓÄ»ΓÄ»ΓÄ»ΓÄ»[4/12]ΓÄ»
[22m[39m

[41m[1m FAIL 
[22m[49m tests/unit/
components/Opportunity
Card.test.tsx[2m > [
22mOpportunityCard[2m
 > [22mhandles 
opportunities without 
cutoff score
[31m[1mTestingLibrar
yElementError[22m[39
m: Unable to find an 
element with the 
text: Privada. This 
could be because the 
text is broken up by 
multiple elements. In 
this case, you can 
provide a function 
for your text matcher 
to make your matcher 
more flexible.

Ignored nodes: 
comments, script, 
style
[36m<body>[39m
  [36m<div>[39m
    [36m<div[39m
      [33mclass[39m=
[32m"group 
rounded-2xl shadow-lg 
hover:shadow-xl 
transition-all 
duration-300 flex 
flex-col h-full 
relative 
overflow-hidden 
bg-white box-border 
cursor-pointer border 
border-transparent hov
er:border-[#FF9900] 
className"[39m
    [36m>[39m
      [36m<div[39m
        [33mclass[39
m=[32m"relative 
h-[100px] w-full 
bg-[#C8EEFF]"[39m
      [36m>[39m
        [36m<div[39m
          [33mclass[
39m=[32m"absolute 
top-4 left-4 
z-30"[39m
        [36m>[39m
          
[36m<span[39m
            [33mclass
[39m=[32m"text-[12px
] font-bold px-3 
py-1.5 rounded-full 
text-white 
whitespace-nowrap 
bg-[#9747FF]/90 
backdrop-blur-sm shado
w-[0_3px_8px_rgba(151,
71,255,0.3),inset_0_-2
px_4px_rgba(0,0,0,0.1)
] border 
border-[#B070FF]/50 
uppercase"[39m
          [36m>[39m
            
[0msisu[0m
          
[36m</span>[39m
        
[36m</div>[39m
        [36m<div[39m
          [33mclass[
39m=[32m"absolute 
top-4 right-4 
z-20"[39m
        [36m>[39m
          
[36m<button[39m
            [33mclass
[39m=[32m"p-2 
rounded-full 
transition-transform 
hover:scale-110 
active:scale-95 
bg-white shadow-sm 
group/btn"[39m
          [36m>[39m
            
[36m<svg[39m
              [33mari
a-hidden[39m=[32m"tr
ue"[39m
              [33mcla
ss[39m=[32m"lucide 
lucide-heart 
transition-colors grou
p-hover/btn:text-red-4
00"[39m
              [33mfil
l[39m=[32m"none"[39
m
              [33mhei
ght[39m=[32m"20"[39
m
              [33mstr
oke[39m=[32m"#cbd5e1
"[39m
              [33mstr
oke-linecap[39m=[32m
"round"[39m
              [33mstr
oke-linejoin[39m=[32
m"round"[39m
              [33mstr
oke-width[39m=[32m"2
.5"[39m
              [33mvie
wBox[39m=[32m"0 0 
24 24"[39m
              [33mwid
th[39m=[32m"20"[39m
              [33mxml
ns[39m=[32m"http://w
ww.w3.org/2000/svg"[3
9m
            
[36m>[39m
              
[36m<path[39m
                
[33md[39m=[32m"M2 
9.5a5.5 5.5 0 0 1 
9.591-3.676.56.56 0 0 
0 .818 0A5.49 5.49 0 
0 1 22 9.5c0 2.29-1.5 
4-3 5.5l-5.492 
5.313a2 2 0 0 1-3 
.019L5 15c-1.5-1.5-3-3
.2-3-5.5"[39m
              
[36m/>[39m
            
[36m</svg>[39m
          
[36m</button>[39m
        
[36m</div>[39m
        [36m<div[39m
          [33mclass[
39m=[32m"absolute 
bottom-[-1px] left-0 
w-full h-[35px] 
z-10"[39m
        [36m>[39m
          
[36m<div[39m
            [33mclass
[39m=[32m"relative 
w-full h-full"[39m
          [36m>[39m
            
[36m<img[39m
              [33malt
[39m=[32m"Cloud 
Border"[39m
              [33mcla
ss[39m=[32m"object-c
over object-top 
w-full h-full"[39m
              [33msrc
[39m=[32m"/assets/ca
rd-background.svg"[39
m
            
[36m/>[39m
          
[36m</div>[39m
        
[36m</div>[39m
      [36m</div>[39m
      [36m<div[39m
        [33mclass[39
m=[32m"flex flex-col 
flex-grow px-6 pb-6 
pt-0 relative z-10 
bg-white"[39m
      [36m>[39m
        [36m<div[39m
          [33mclass[
39m=[32m"flex 
flex-col gap-2 
mt-2"[39m
        [36m>[39m
          
[36m<h3[39m
            [33mclass
[39m=[32m"text-[18px
] font-bold 
text-[#000000] 
leading-[1.2] 
transition-colors 
line-clamp-2"[39m
          [36m>[39m
            
[0mEngenharia de 
Software[0m
          
[36m</h3>[39m
          [36m<p[39m
            [33mclass
[39m=[32m"text-[#3A4
24E] text-[14px] 
font-normal 
line-clamp-1 
opacity-70"[39m
          [36m>[39m
            
[0mUniversidade 
Tech[0m
          
[36m</p>[39m
          
[36m<div[39m
            [33mclass
[39m=[32m"flex 
items-center gap-2 
text-[13px] 
text-[#3A424E] 
opacity-70"[39m
          [36m>[39m
            
[36m<svg[39m
              [33mari
a-hidden[39m=[32m"tr
ue"[39m
              [33mcla
ss[39m=[32m"lucide 
lucide-map-pin 
text-[#38B1E4]"[39m
              [33mfil
l[39m=[32m"none"[39
m
              [33mhei
ght[39m=[32m"16"[39
m
              [33mstr
oke[39m=[32m"current
Color"[39m
              [33mstr
oke-linecap[39m=[32m
"round"[39m
              [33mstr
oke-linejoin[39m=[32
m"round"[39m
              [33mstr
oke-width[39m=[32m"2
"[39m
              [33mvie
wBox[39m=[32m"0 0 
24 24"[39m
              [33mwid
th[39m=[32m"16"[39m
              [33mxml
ns[39m=[32m"http://w
ww.w3.org/2000/svg"[3
9m
            
[36m>[39m
              
[36m<path[39m
                
[33md[39m=[32m"M20 
10c0 4.993-5.539 
10.193-7.399 11.799a1 
1 0 0 1-1.202 0C9.539 
20.193 4 14.993 4 
10a8 8 0 0 1 16 
0"[39m
              
[36m/>[39m
              
[36m<circle[39m
                [33mc
x[39m=[32m"12"[39m
                [33mc
y[39m=[32m"10"[39m
                [33mr
[39m=[32m"3"[39m
              
[36m/>[39m
            
[36m</svg>[39m
            
[36m<span[39m
              [33mcla
ss[39m=[32m"truncate
"[39m
            
[36m>[39m
              
[0mS├úo Paulo, SP[0m
            
[36m</span>[39m
          
[36m</div>[39m
          
[36m<div[39m
            [33mclass
[39m=[32m"flex 
items-center gap-2 
text-[#3A424E] 
text-[13px] 
opacity-70"[39m
          [36m>[39m
            
[36m<svg[39m
              [33mari
a-hidden[39m=[32m"tr
ue"[39m
              [33mcla
ss[39m=[32m"lucide 
lucide-trending-up 
text-[#FF9900]"[39m
              [33mfil
l[39m=[32m"none"[39
m
              [33mhei
ght[39m=[32m"16"[39
m
              [33mstr
oke[39m=[32m"current
Color"[39m
              [33mstr
oke-linecap[39m=[32m
"round"[39m
              [33mstr
oke-linejoin[39m=[32
m"round"[39m
              [33mstr
oke-width[39m=[32m"2
"[39m
              [33mvie
wBox[39m=[32m"0 0 
24 24"[39m
              [33mwid
th[39m=[32m"16"[39m
              [33mxml
ns[39m=[32m"http://w
ww.w3.org/2000/svg"[3
9m
            
[36m>[39m
              
[36m<path[39m
                
[33md[39m=[32m"M16 
7h6v6"[39m
              
[36m/>[39m
              
[36m<path[39m
                
[33md[39m=[32m"m22 
7-8.5 8.5-5-5L2 
17"[39m
              
[36m/>[39m
            
[36m</svg>[39m
            
[36m<span[39m
              [33mcla
ss[39m=[32m"font-nor
mal"[39m
            
[36m>[39m
              
[0mNota de corte: 
[0m
              
[36m<span[39m
                [33mc
lass[39m=[32m"font-b
old"[39m
              
[36m>[39m
                
[0m750[0m
              
[36m</span>[39m
            
[36m</span>[39m
          
[36m</div>[39m
        
[36m</div>[39m
        [36m<div[39m
          [33mclass[
39m=[32m"border-b 
border-gray-100/50 
mt-3 mb-3"[39m
        [36m/>[39m
        [36m<div[39m
          [33mclass[
39m=[32m"flex-grow"[
39m
        [36m/>[39m
        [36m<div[39m
          [33mclass[
39m=[32m"flex 
justify-between 
items-center mt-auto 
h-[40px]"[39m
        [36m>[39m
          
[36m<div[39m
            [33mclass
[39m=[32m"bg-[#FF990
0]/90 
backdrop-blur-sm shado
w-[0_2px_6px_rgba(255,
153,0,0.25),inset_0_-2
px_4px_rgba(0,0,0,0.1)
] border 
border-[#FFB84D]/50 
rounded-[166px] 
px-[12px] py-[6px] 
flex items-center 
gap-3 h-fi...
[90m [2mΓ¥»[22m Obj
ect.getElementError no
de_modules/@testing-li
brary/dom/dist/config.
js:[2m37:19[22m[39m
[90m [2mΓ¥»[22m nod
e_modules/@testing-lib
rary/dom/dist/query-he
lpers.js:[2m76:38[22
m[39m
[90m [2mΓ¥»[22m nod
e_modules/@testing-lib
rary/dom/dist/query-he
lpers.js:[2m52:17[22
m[39m
[90m [2mΓ¥»[22m nod
e_modules/@testing-lib
rary/dom/dist/query-he
lpers.js:[2m95:19[22
m[39m
[36m [2mΓ¥»[22m tes
ts/unit/components/Opp
ortunityCard.test.tsx:
[2m76:20[22m[39m
    [90m 74| [39m  
[34mit[39m([32m'hand
les opportunities 
without cutoff score'
[39m[33m,[39m () 
[33m=>[39m {
    [90m 75| [39m   
  [34mrender[39m([3
3m<[39m[33mOpportuni
tyCard[39m [33mcours
e[39m[33m=[39m[33m
{[39mmockCourse[33m}
[39m [33m/[39m[33m
>[39m)[33m;[39m
    [90m 76| [39m   
  [34mexpect[39m(scr
een[33m.[39m[34mget
ByText[39m([32m'Priv
ada'[39m))[33m.[39m
[34mtoBeInTheDocument
[39m()[33m;[39m
    [90m   | [39m   
                
[31m^[39m
    [90m 77| [39m  
})[33m;[39m
    [90m 78| [39m

[31m[2mΓÄ»ΓÄ»ΓÄ»ΓÄ»Γ
Ä»ΓÄ»ΓÄ»ΓÄ»ΓÄ»ΓÄ»ΓÄ»ΓÄ
»ΓÄ»ΓÄ»ΓÄ»ΓÄ»ΓÄ»ΓÄ»ΓÄ»
ΓÄ»ΓÄ»ΓÄ»ΓÄ»[5/12]ΓÄ»
[22m[39m

[41m[1m FAIL 
[22m[49m tests/unit/
components/Opportunity
Card.test.tsx[2m > [
22mOpportunityCard[2m
 > [22mrenders 
"Vagas Ociosas" tag 
when vacancies exist
[31m[1mTestingLibrar
yElementError[22m[39
m: Unable to find an 
element with the 
text: /Vagas 
Ociosas/i. This could 
be because the text 
is broken up by 
multiple elements. In 
this case, you can 
provide a function 
for your text matcher 
to make your matcher 
more flexible.

Ignored nodes: 
comments, script, 
style
[36m<body>[39m
  [36m<div>[39m
    [36m<div[39m
      [33mclass[39m=
[32m"group 
rounded-2xl shadow-lg 
hover:shadow-xl 
transition-all 
duration-300 flex 
flex-col h-full 
relative 
overflow-hidden 
bg-white box-border 
cursor-pointer border 
border-transparent hov
er:border-[#FF9900] 
className"[39m
    [36m>[39m
      [36m<div[39m
        [33mclass[39
m=[32m"relative 
h-[100px] w-full 
bg-[#C8EEFF]"[39m
      [36m>[39m
        [36m<div[39m
          [33mclass[
39m=[32m"absolute 
top-4 left-4 
z-30"[39m
        [36m>[39m
          
[36m<span[39m
            [33mclass
[39m=[32m"text-[12px
] font-bold px-3 
py-1.5 rounded-full 
text-white 
whitespace-nowrap 
bg-[#9747FF]/90 
backdrop-blur-sm shado
w-[0_3px_8px_rgba(151,
71,255,0.3),inset_0_-2
px_4px_rgba(0,0,0,0.1)
] border 
border-[#B070FF]/50 
uppercase"[39m
          [36m>[39m
            
[0msisu[0m
          
[36m</span>[39m
        
[36m</div>[39m
        [36m<div[39m
          [33mclass[
39m=[32m"absolute 
top-4 right-4 
z-20"[39m
        [36m>[39m
          
[36m<button[39m
            [33mclass
[39m=[32m"p-2 
rounded-full 
transition-transform 
hover:scale-110 
active:scale-95 
bg-white shadow-sm 
group/btn"[39m
          [36m>[39m
            
[36m<svg[39m
              [33mari
a-hidden[39m=[32m"tr
ue"[39m
              [33mcla
ss[39m=[32m"lucide 
lucide-heart 
transition-colors grou
p-hover/btn:text-red-4
00"[39m
              [33mfil
l[39m=[32m"none"[39
m
              [33mhei
ght[39m=[32m"20"[39
m
              [33mstr
oke[39m=[32m"#cbd5e1
"[39m
              [33mstr
oke-linecap[39m=[32m
"round"[39m
              [33mstr
oke-linejoin[39m=[32
m"round"[39m
              [33mstr
oke-width[39m=[32m"2
.5"[39m
              [33mvie
wBox[39m=[32m"0 0 
24 24"[39m
              [33mwid
th[39m=[32m"20"[39m
              [33mxml
ns[39m=[32m"http://w
ww.w3.org/2000/svg"[3
9m
            
[36m>[39m
              
[36m<path[39m
                
[33md[39m=[32m"M2 
9.5a5.5 5.5 0 0 1 
9.591-3.676.56.56 0 0 
0 .818 0A5.49 5.49 0 
0 1 22 9.5c0 2.29-1.5 
4-3 5.5l-5.492 
5.313a2 2 0 0 1-3 
.019L5 15c-1.5-1.5-3-3
.2-3-5.5"[39m
              
[36m/>[39m
            
[36m</svg>[39m
          
[36m</button>[39m
        
[36m</div>[39m
        [36m<div[39m
          [33mclass[
39m=[32m"absolute 
bottom-[-1px] left-0 
w-full h-[35px] 
z-10"[39m
        [36m>[39m
          
[36m<div[39m
            [33mclass
[39m=[32m"relative 
w-full h-full"[39m
          [36m>[39m
            
[36m<img[39m
              [33malt
[39m=[32m"Cloud 
Border"[39m
              [33mcla
ss[39m=[32m"object-c
over object-top 
w-full h-full"[39m
              [33msrc
[39m=[32m"/assets/ca
rd-background.svg"[39
m
            
[36m/>[39m
          
[36m</div>[39m
        
[36m</div>[39m
      [36m</div>[39m
      [36m<div[39m
        [33mclass[39
m=[32m"flex flex-col 
flex-grow px-6 pb-6 
pt-0 relative z-10 
bg-white"[39m
      [36m>[39m
        [36m<div[39m
          [33mclass[
39m=[32m"flex 
flex-col gap-2 
mt-2"[39m
        [36m>[39m
          
[36m<h3[39m
            [33mclass
[39m=[32m"text-[18px
] font-bold 
text-[#000000] 
leading-[1.2] 
transition-colors 
line-clamp-2"[39m
          [36m>[39m
            
[0mEngenharia de 
Software[0m
          
[36m</h3>[39m
          [36m<p[39m
            [33mclass
[39m=[32m"text-[#3A4
24E] text-[14px] 
font-normal 
line-clamp-1 
opacity-70"[39m
          [36m>[39m
            
[0mUniversidade 
Tech[0m
          
[36m</p>[39m
          
[36m<div[39m
            [33mclass
[39m=[32m"flex 
items-center gap-2 
text-[13px] 
text-[#3A424E] 
opacity-70"[39m
          [36m>[39m
            
[36m<svg[39m
              [33mari
a-hidden[39m=[32m"tr
ue"[39m
              [33mcla
ss[39m=[32m"lucide 
lucide-map-pin 
text-[#38B1E4]"[39m
              [33mfil
l[39m=[32m"none"[39
m
              [33mhei
ght[39m=[32m"16"[39
m
              [33mstr
oke[39m=[32m"current
Color"[39m
              [33mstr
oke-linecap[39m=[32m
"round"[39m
              [33mstr
oke-linejoin[39m=[32
m"round"[39m
              [33mstr
oke-width[39m=[32m"2
"[39m
              [33mvie
wBox[39m=[32m"0 0 
24 24"[39m
              [33mwid
th[39m=[32m"16"[39m
              [33mxml
ns[39m=[32m"http://w
ww.w3.org/2000/svg"[3
9m
            
[36m>[39m
              
[36m<path[39m
                
[33md[39m=[32m"M20 
10c0 4.993-5.539 
10.193-7.399 11.799a1 
1 0 0 1-1.202 0C9.539 
20.193 4 14.993 4 
10a8 8 0 0 1 16 
0"[39m
              
[36m/>[39m
              
[36m<circle[39m
                [33mc
x[39m=[32m"12"[39m
                [33mc
y[39m=[32m"10"[39m
                [33mr
[39m=[32m"3"[39m
              
[36m/>[39m
            
[36m</svg>[39m
            
[36m<span[39m
              [33mcla
ss[39m=[32m"truncate
"[39m
            
[36m>[39m
              
[0mS├úo Paulo, SP[0m
            
[36m</span>[39m
          
[36m</div>[39m
          
[36m<div[39m
            [33mclass
[39m=[32m"flex 
items-center gap-2 
text-[#3A424E] 
text-[13px] 
opacity-70"[39m
          [36m>[39m
            
[36m<svg[39m
              [33mari
a-hidden[39m=[32m"tr
ue"[39m
              [33mcla
ss[39m=[32m"lucide 
lucide-trending-up 
text-[#FF9900]"[39m
              [33mfil
l[39m=[32m"none"[39
m
              [33mhei
ght[39m=[32m"16"[39
m
              [33mstr
oke[39m=[32m"current
Color"[39m
              [33mstr
oke-linecap[39m=[32m
"round"[39m
              [33mstr
oke-linejoin[39m=[32
m"round"[39m
              [33mstr
oke-width[39m=[32m"2
"[39m
              [33mvie
wBox[39m=[32m"0 0 
24 24"[39m
              [33mwid
th[39m=[32m"16"[39m
              [33mxml
ns[39m=[32m"http://w
ww.w3.org/2000/svg"[3
9m
            
[36m>[39m
              
[36m<path[39m
                
[33md[39m=[32m"M16 
7h6v6"[39m
              
[36m/>[39m
              
[36m<path[39m
                
[33md[39m=[32m"m22 
7-8.5 8.5-5-5L2 
17"[39m
              
[36m/>[39m
            
[36m</svg>[39m
            
[36m<span[39m
              [33mcla
ss[39m=[32m"font-nor
mal"[39m
            
[36m>[39m
              
[0mNota de corte: 
[0m
              
[36m<span[39m
                [33mc
lass[39m=[32m"font-b
old"[39m
              
[36m>[39m
                
[0m700[0m
              
[36m</span>[39m
            
[36m</span>[39m
          
[36m</div>[39m
        
[36m</div>[39m
        [36m<div[39m
          [33mclass[
39m=[32m"border-b 
border-gray-100/50 
mt-3 mb-3"[39m
        [36m/>[39m
        [36m<div[39m
          [33mclass[
39m=[32m"flex-grow"[
39m
        [36m/>[39m
        [36m<div[39m
          [33mclass[
39m=[32m"flex 
justify-between 
items-center mt-auto 
h-[40px]"[39m
        [36m>[39m
          
[36m<div[39m
            [33mclass
[39m=[32m"bg-[#FF990
0]/90 
backdrop-blur-sm shado
w-[0_2px_6px_rgba(255,
153,0,0.25),inset_0_-2
px_4px_rgba(0,0,0,0.1)
] border 
border-[#FFB84D]/50 
rounded-[166px] 
px-[12px] py-[6px] 
flex items-center 
gap-3 h-fi...
[90m [2mΓ¥»[22m Obj
ect.getElementError no
de_modules/@testing-li
brary/dom/dist/config.
js:[2m37:19[22m[39m
[90m [2mΓ¥»[22m nod
e_modules/@testing-lib
rary/dom/dist/query-he
lpers.js:[2m76:38[22
m[39m
[90m [2mΓ¥»[22m nod
e_modules/@testing-lib
rary/dom/dist/query-he
lpers.js:[2m52:17[22
m[39m
[90m [2mΓ¥»[22m nod
e_modules/@testing-lib
rary/dom/dist/query-he
lpers.js:[2m95:19[22
m[39m
[36m [2mΓ¥»[22m tes
ts/unit/components/Opp
ortunityCard.test.tsx:
[2m122:19[22m[39m
    [90m120| [39m   
 [34mrender[39m([33
m<[39m[33mOpportunit
yCard[39m [33mcourse
[39m[33m=[39m[33m{
[39mcourseWithVacanci
esTypeAny[33m}[39m 
[33m/[39m[33m>[39m)
[33m;[39m
    [90m121| [39m   
 [90m// Expect the 
tag text[39m
    [90m122| [39m   
 [34mexpect[39m(scre
en[33m.[39m[34mgetB
yText[39m([36m/Vagas
 Ociosas/i[39m))[33m
.[39m[34mtoBeInTheDo
cument[39m()[33m;[3
9m
    [90m   | [39m   
               
[31m^[39m
    [90m123| [39m   
 // Expect red style 
(class check might be 
brittle, checking 
presenΓÇª
    [90m124| [39m  
})[33m;[39m

[31m[2mΓÄ»ΓÄ»ΓÄ»ΓÄ»Γ
Ä»ΓÄ»ΓÄ»ΓÄ»ΓÄ»ΓÄ»ΓÄ»ΓÄ
»ΓÄ»ΓÄ»ΓÄ»ΓÄ»ΓÄ»ΓÄ»ΓÄ»
ΓÄ»ΓÄ»ΓÄ»ΓÄ»[6/12]ΓÄ»
[22m[39m

[41m[1m FAIL 
[22m[49m tests/unit/
components/Opportunity
Card.test.tsx[2m > [
22mOpportunityCard[2m
 > [22mformats 
cutoff score correctly
[31m[1mTestingLibrar
yElementError[22m[39
m: Unable to find an 
element with the 
text: /0\.00/. This 
could be because the 
text is broken up by 
multiple elements. In 
this case, you can 
provide a function 
for your text matcher 
to make your matcher 
more flexible.

Ignored nodes: 
comments, script, 
style
[36m<body>[39m
  [36m<div>[39m
    [36m<div[39m
      [33mclass[39m=
[32m"group 
rounded-2xl shadow-lg 
hover:shadow-xl 
transition-all 
duration-300 flex 
flex-col h-full 
relative 
overflow-hidden 
bg-white box-border 
cursor-pointer border 
border-transparent hov
er:border-[#FF9900] 
className"[39m
    [36m>[39m
      [36m<div[39m
        [33mclass[39
m=[32m"relative 
h-[100px] w-full 
bg-[#C8EEFF]"[39m
      [36m>[39m
        [36m<div[39m
          [33mclass[
39m=[32m"absolute 
top-4 left-4 
z-30"[39m
        [36m>[39m
          
[36m<span[39m
            [33mclass
[39m=[32m"text-[12px
] font-bold px-3 
py-1.5 rounded-full 
text-white 
whitespace-nowrap 
bg-[#9747FF]/90 
backdrop-blur-sm shado
w-[0_3px_8px_rgba(151,
71,255,0.3),inset_0_-2
px_4px_rgba(0,0,0,0.1)
] border 
border-[#B070FF]/50 
uppercase"[39m
          [36m>[39m
            
[0msisu[0m
          
[36m</span>[39m
          
[36m<span[39m
            [33mclass
[39m=[32m"text-[12px
] font-bold px-3 
py-1.5 rounded-full 
text-white 
whitespace-nowrap 
bg-[#9747FF]/90 
backdrop-blur-sm shado
w-[0_3px_8px_rgba(151,
71,255,0.3),inset_0_-2
px_4px_rgba(0,0,0,0.1)
] border 
border-[#B070FF]/50 
uppercase"[39m
          [36m>[39m
            
[0mprouni[0m
          
[36m</span>[39m
        
[36m</div>[39m
        [36m<div[39m
          [33mclass[
39m=[32m"absolute 
top-4 right-4 
z-20"[39m
        [36m>[39m
          
[36m<button[39m
            [33mclass
[39m=[32m"p-2 
rounded-full 
transition-transform 
hover:scale-110 
active:scale-95 
bg-white shadow-sm 
group/btn"[39m
          [36m>[39m
            
[36m<svg[39m
              [33mari
a-hidden[39m=[32m"tr
ue"[39m
              [33mcla
ss[39m=[32m"lucide 
lucide-heart 
transition-colors grou
p-hover/btn:text-red-4
00"[39m
              [33mfil
l[39m=[32m"none"[39
m
              [33mhei
ght[39m=[32m"20"[39
m
              [33mstr
oke[39m=[32m"#cbd5e1
"[39m
              [33mstr
oke-linecap[39m=[32m
"round"[39m
              [33mstr
oke-linejoin[39m=[32
m"round"[39m
              [33mstr
oke-width[39m=[32m"2
.5"[39m
              [33mvie
wBox[39m=[32m"0 0 
24 24"[39m
              [33mwid
th[39m=[32m"20"[39m
              [33mxml
ns[39m=[32m"http://w
ww.w3.org/2000/svg"[3
9m
            
[36m>[39m
              
[36m<path[39m
                
[33md[39m=[32m"M2 
9.5a5.5 5.5 0 0 1 
9.591-3.676.56.56 0 0 
0 .818 0A5.49 5.49 0 
0 1 22 9.5c0 2.29-1.5 
4-3 5.5l-5.492 
5.313a2 2 0 0 1-3 
.019L5 15c-1.5-1.5-3-3
.2-3-5.5"[39m
              
[36m/>[39m
            
[36m</svg>[39m
          
[36m</button>[39m
        
[36m</div>[39m
        [36m<div[39m
          [33mclass[
39m=[32m"absolute 
bottom-[-1px] left-0 
w-full h-[35px] 
z-10"[39m
        [36m>[39m
          
[36m<div[39m
            [33mclass
[39m=[32m"relative 
w-full h-full"[39m
          [36m>[39m
            
[36m<img[39m
              [33malt
[39m=[32m"Cloud 
Border"[39m
              [33mcla
ss[39m=[32m"object-c
over object-top 
w-full h-full"[39m
              [33msrc
[39m=[32m"/assets/ca
rd-background.svg"[39
m
            
[36m/>[39m
          
[36m</div>[39m
        
[36m</div>[39m
      [36m</div>[39m
      [36m<div[39m
        [33mclass[39
m=[32m"flex flex-col 
flex-grow px-6 pb-6 
pt-0 relative z-10 
bg-white"[39m
      [36m>[39m
        [36m<div[39m
          [33mclass[
39m=[32m"flex 
flex-col gap-2 
mt-2"[39m
        [36m>[39m
          
[36m<h3[39m
            [33mclass
[39m=[32m"text-[18px
] font-bold 
text-[#000000] 
leading-[1.2] 
transition-colors 
line-clamp-2"[39m
          [36m>[39m
            
[0mEngenharia de 
Software[0m

[2m Test Files [22m [1m[31m5 failed[39m[22m[2m | [22m[1m[32m7 passed[39m[22m[90m (12)[39m
[2m      Tests [22m [1m[31m12 failed[39m[22m[2m | [22m[1m[32m20 passed[39m[22m[90m (32)[39m
[2m   Start at [22m 18:18:21
[2m   Duration [22m 8.99s[2m (transform 2.42s, setup 4.69s, import 9.66s, tests 4.87s, environment 27.13s)[22m

          
[36m</h3>[39m
          [36m<p[39m
            [33mclass
[39m=[32m"text-[#3A4
24E] text-[14px] 
font-normal 
line-clamp-1 
opacity-70"[39m
          [36m>[39m
            
[0mUniversidade 
Tech[0m
          
[36m</p>[39m
          
[36m<div[39m
            [33mclass
[39m=[32m"flex 
items-center gap-2 
text-[13px] 
text-[#3A424E] 
opacity-70"[39m
          [36m>[39m
            
[36m<svg[39m
              [33mari
a-hidden[39m=[32m"tr
ue"[39m
              [33mcla
ss[39m=[32m"lucide 
lucide-map-pin 
text-[#38B1E4]"[39m
              [33mfil
l[39m=[32m"none"[39
m
              [33mhei
ght[39m=[32m"16"[39
m
              [33mstr
oke[39m=[32m"current
Color"[39m
              [33mstr
oke-linecap[39m=[32m
"round"[39m
              [33mstr
oke-linejoin[39m=[32
m"round"[39m
              [33mstr
oke-width[39m=[32m"2
"[39m
              [33mvie
wBox[39m=[32m"0 0 
24 24"[39m
              [33mwid
th[39m=[32m"16"[39m
              [33mxml
ns[39m=[32m"http://w
ww.w3.org/2000/svg"[3
9m
            
[36m>[39m
              
[36m<path[39m
                
[33md[39m=[32m"M20 
10c0 4.993-5.539 
10.193-7.399 11.799a1 
1 0 0 1-1.202 0C9.539 
20.193 4 14.993 4 
10a8 8 0 0 1 16 
0"[39m
              
[36m/>[39m
              
[36m<circle[39m
                [33mc
x[39m=[32m"12"[39m
                [33mc
y[39m=[32m"10"[39m
                [33mr
[39m=[32m"3"[39m
              
[36m/>[39m
            
[36m</svg>[39m
            
[36m<span[39m
              [33mcla
ss[39m=[32m"truncate
"[39m
            
[36m>[39m
              
[0mS├úo Paulo, SP[0m
            
[36m</span>[39m
          
[36m</div>[39m
          
[36m<div[39m
            [33mclass
[39m=[32m"flex 
items-center gap-2 
text-[#3A424E] 
text-[13px] 
opacity-70"[39m
          [36m>[39m
            
[36m<svg[39m
              [33mari
a-hidden[39m=[32m"tr
ue"[39m
              [33mcla
ss[39m=[32m"lucide 
lucide-trending-up 
text-[#FF9900]"[39m
              [33mfil
l[39m=[32m"none"[39
m
              [33mhei
ght[39m=[32m"16"[39
m
              [33mstr
oke[39m=[32m"current
Color"[39m
              [33mstr
oke-linecap[39m=[32m
"round"[39m
              [33mstr
oke-linejoin[39m=[32
m"round"[39m
              [33mstr
oke-width[39m=[32m"2
"[39m
              [33mvie
wBox[39m=[32m"0 0 
24 24"[39m
              [33mwid
th[39m=[32m"16"[39m
              [33mxml
ns[39m=[32m"http://w
ww.w3.org/2000/svg"[3
9m
            
[36m>[39m
              
[36m<path[39m
                
[33md[39m=[32m"M16 
7h6v6"[39m
              
[36m/>[39m
              
[36m<path[39m
                
[33md[39m=[32m"m22 
7-8.5 8.5-5-5L2 
17"[39m
              
[36m/>[39m
            
[36m</svg>[39m
            
[36m<span[39m
              [33mcla
ss[39m=[32m"font-nor
mal"[39m
            
[36m>[39m
              
[0mNota de corte: 
[0m
              
[36m<span[39m
                [33mc
lass[39m=[32m"font-b
old"[39m
              
[36m>[39m
                
[0m0[0m
              
[36m</span>[39m
            
[36m</span>[39m
          
[36m</div>[39m
        
[36m</div>[39m
        [36m<div[39m
          [33mclass[
39m=[32m"border-b 
border-gray-100/50 
mt-3 mb-3"[39m
        [36m/>[39m
        [36m<div[39m
          [33mclass[
39m=[32m"flex-grow"[
39m
        [36m/>[39m
        [36m<div[39m
    ...
[90m [2mΓ¥»[22m Obj
ect.getElementError no
de_modules/@testing-li
brary/dom/dist/config.
js:[2m37:19[22m[39m
[90m [2mΓ¥»[22m nod
e_modules/@testing-lib
rary/dom/dist/query-he
lpers.js:[2m76:38[22
m[39m
[90m [2mΓ¥»[22m nod
e_modules/@testing-lib
rary/dom/dist/query-he
lpers.js:[2m52:17[22
m[39m
[90m [2mΓ¥»[22m nod
e_modules/@testing-lib
rary/dom/dist/query-he
lpers.js:[2m95:19[22
m[39m
[36m [2mΓ¥»[22m tes
ts/unit/components/Opp
ortunityCard.test.tsx:
[2m154:19[22m[39m
    [90m152| [39m   
 [90m// Check for 
0.00[39m
    [90m153| [39m   
 // The component 
likely renders "Nota 
de corte: 0.00" or 
just "0.0ΓÇª
    [90m154| [39m   
 [34mexpect[39m(scre
en[33m.[39m[34mgetB
yText[39m([36m/0\.00
/[39m))[33m.[39m[3
4mtoBeInTheDocument[3
9m()[33m;[39m
    [90m   | [39m   
               
[31m^[39m
    [90m155| [39m
    [90m156| [39m   
 [90m// Check for 
"-"[39m

[31m[2mΓÄ»ΓÄ»ΓÄ»ΓÄ»Γ
Ä»ΓÄ»ΓÄ»ΓÄ»ΓÄ»ΓÄ»ΓÄ»ΓÄ
»ΓÄ»ΓÄ»ΓÄ»ΓÄ»ΓÄ»ΓÄ»ΓÄ»
ΓÄ»ΓÄ»ΓÄ»ΓÄ»[7/12]ΓÄ»
[22m[39m

[41m[1m FAIL 
[22m[49m tests/unit/
components/PartnerCard
.test.tsx[2m > 
[22mPartnerCard[2m 
> [22mrenders 
partner information 
correctly
[41m[1m FAIL 
[22m[49m tests/unit/
components/PartnerCard
.test.tsx[2m > 
[22mPartnerCard[2m 
> [22muses fallback 
values when no 
partner provided
[31m[1mError[22m: 
useAuth must be used 
within an 
AuthProvider[39m
[36m [2mΓ¥»[22m 
useAuth context/AuthCo
ntext.tsx:[2m196:11[
22m[39m
    [90m194| [39m  
[35mconst[39m 
context [33m=[39m [
34museContext[39m([3
3mAuthContext[39m)[3
3m;[39m
    [90m195| [39m  
[35mif[39m (context 
[33m===[39m 
undefined) {
    [90m196| [39m   
 [35mthrow[39m 
[35mnew[39m [33mErr
or[39m([32m'useAuth 
must be used within 
an AuthProvider'[39m)
[33m;[39m
    [90m   | [39m   
       [31m^[39m
    [90m197| [39m  }
    [90m198| [39m  
[35mreturn[39m 
context[33m;[39m
[90m [2mΓ¥»[22m 
PartnerCard components
/PartnerCard.tsx:[2m4
2:99[22m[39m
[90m [2mΓ¥»[22m Obj
ect.react_stack_bottom
_frame node_modules/re
act-dom/cjs/react-dom-
client.development.js:
[2m25904:20[22m[39m
[90m [2mΓ¥»[22m 
renderWithHooks node_m
odules/react-dom/cjs/r
eact-dom-client.develo
pment.js:[2m7662:22[
22m[39m
[90m [2mΓ¥»[22m upd
ateFunctionComponent n
ode_modules/react-dom/
cjs/react-dom-client.d
evelopment.js:[2m1016
6:19[22m[39m
[90m [2mΓ¥»[22m 
beginWork node_modules
/react-dom/cjs/react-d
om-client.development.
js:[2m11778:18[22m[
39m
[90m [2mΓ¥»[22m 
runWithFiberInDEV node
_modules/react-dom/cjs
/react-dom-client.deve
lopment.js:[2m874:13
[22m[39m
[90m [2mΓ¥»[22m 
performUnitOfWork node
_modules/react-dom/cjs
/react-dom-client.deve
lopment.js:[2m17641:2
2[22m[39m
[90m [2mΓ¥»[22m 
workLoopSync node_modu
les/react-dom/cjs/reac
t-dom-client.developme
nt.js:[2m17469:41[22
m[39m
[90m [2mΓ¥»[22m 
renderRootSync node_mo
dules/react-dom/cjs/re
act-dom-client.develop
ment.js:[2m17450:11[
22m[39m

[31m[2mΓÄ»ΓÄ»ΓÄ»ΓÄ»Γ
Ä»ΓÄ»ΓÄ»ΓÄ»ΓÄ»ΓÄ»ΓÄ»ΓÄ
»ΓÄ»ΓÄ»ΓÄ»ΓÄ»ΓÄ»ΓÄ»ΓÄ»
ΓÄ»ΓÄ»ΓÄ»ΓÄ»[8/12]ΓÄ»
[22m[39m

